PASS original-extension-relocation-loop-code
PASS original-extension-relocation-loop-data
PASS original-extension-relocation-loop-extension
PASS original-extension-relocation-loop-balanced-stack
PASS original-getter-eight-synthetic-player-flags-registers-flags-stack
PASS original-getter-no-game-data-writes
PASS original-getter-upper-EAX-ABI-probe-not-real-player
PASS baseline-mode2-selects-network-screen
PASS defer-mode2-preserves-game-data
PASS defer-mode2-preserves-registers-flags-stack
PASS defer-mode2-only-request-no-native-flag
PASS unready-mode2-mailbox-only
PASS allow-mode2-equals-original-data-and-registers
PASS allow-mode2-consumes-one-permit
PASS second-request-mode2-defers
PASS disabled-mode2-preserves-baseline
PASS baseline-mode3-selects-network-screen
PASS defer-mode3-preserves-game-data
PASS defer-mode3-preserves-registers-flags-stack
PASS defer-mode3-only-request-no-native-flag
PASS unready-mode3-mailbox-only
PASS allow-mode3-equals-original-data-and-registers
PASS allow-mode3-consumes-one-permit
PASS second-request-mode3-defers
PASS disabled-mode3-preserves-baseline
PASS single-player-pass-through
PASS real-field-prelude-matching-next-button-defers
PASS real-field-prelude-other-button-does-not-ready
PASS real-field-prelude-skip-fields-does-not-ready
PASS release-uses-fresh-frame-not-saved-caller-pointer
SUMMARY checks=30 failures=0 scope=isolated-x86-32-not-full-game